// Jest Snapshot v1, https://goo.gl/fbAQLP

exports[`AddNote renders and matches our snapshot 1`] = `
<div
  className="add-note"
>
  <h1>
    Add a Note
  </h1>
  <textarea
    max="250"
    onChange={[Function]}
    type="text"
    value=""
  />
  <button
    onClick={[Function]}
  >
    Add Note
  </button>
</div>
`;
