// Jest Snapshot v1, https://goo.gl/fbAQLP

exports[`NoteList renders and matches our snapshot 1`] = `
<div
  className="main-note-display"
>
  <div
    className="add-note"
  >
    <h1>
      Add a Note
    </h1>
    <textarea
      max="250"
      onChange={[Function]}
      type="text"
      value=""
    />
    <select
      className="tag-list"
      onChange={[Function]}
      required={true}
    >
      <option
        default={true}
        value=""
      >
        Select Tag
      </option>
      <option
        value="hobby"
      >
        Hobby
      </option>
      <option
        value="work"
      >
        Work
      </option>
      <option
        value="personal"
      >
        Personal
      </option>
    </select>
    <button
      onClick={[Function]}
    >
      Add Note
    </button>
  </div>
  <div
    className="note-list"
  >
    <h1>
      Notes
    </h1>
    <p>
      "Loading..."
    </p>
  </div>
</div>
`;
