// Jest Snapshot v1, https://goo.gl/fbAQLP

exports[`TagFilter renders and matches our snapshot 1`] = `
<div
  className="tag-filter"
>
  <button
    className="work"
    onClick={[Function]}
    value="work"
  >
    Work
  </button>
  <button
    className="hobby"
    onClick={[Function]}
    value="hobby"
  >
    Hobby
  </button>
  <button
    className="personal"
    onClick={[Function]}
    value="personal"
  >
    Personal
  </button>
  <button
    className="all"
    onClick={[Function]}
    value="all"
  >
    All
  </button>
</div>
`;
